[+] Created owner account "owner_account"
[+] Created creator account "creator_account"
Traceback (most recent call last):
  File "/Users/ahmed/Desktop/code/ocean/merge/security-issues/verification/keeper-contracts/test/verification/manticore/AgreementStoreManager.initialize.py", line 31, in <module>
    contract_account = create_agreement_store_manager(m, owner_account, AGREEMENT_STORE_MANAGER_JSON_PATH)
  File "/Users/ahmed/Desktop/code/ocean/merge/security-issues/verification/keeper-contracts/test/verification/manticore/creation.py", line 46, in create_agreement_store_manager
    contract_account = m.json_create_contract(contract_json, owner=owner_account, name='agreement_store_manager_account')
AttributeError: 'ManticoreEVM' object has no attribute 'json_create_contract'
