/src/build/contracts/LockRewardCondition.json
[+] Created owner account "owner_account"
[+] Created contract /build/contracts/LockRewardCondition.json
[+] Initialized contract /build/contracts/LockRewardCondition.json with symbolic parameters
Traceback (most recent call last):
  File "/src/test/verification/manticore/LockRewardCondition.initialize.py", line 40, in <module>
    assert(not m.generate_testcase(running_states[0], '', only_if=(symbolic_address_1 == 0)))
AssertionError
