[+] Created owner account "owner_account"
Traceback (most recent call last):
  File "/Users/ahmed/Desktop/code/ocean/merge/security-issues/verification/keeper-contracts/test/verification/manticore/TemplateStoreManager.initialize.py", line 27, in <module>
    contract_account = create_template_store_manager(m, owner_account, TEMPLATE_STORE_MANAGER_JSON_PATH)
  File "/Users/ahmed/Desktop/code/ocean/merge/security-issues/verification/keeper-contracts/test/verification/manticore/creation.py", line 37, in create_template_store_manager
    contract_account = m.json_create_contract(contract_json, owner=owner_account, name='template_store_manager_account')
AttributeError: 'ManticoreEVM' object has no attribute 'json_create_contract'
